../Core/Src/main.c:69:6:printMsg	32	static
../Core/Src/main.c:81:8:userChoice	8	static
../Core/Src/main.c:92:6:USART2_IRQHandler	8	static
../Core/Src/main.c:97:6:HAL_UART_RxCpltCallback	16	static
../Core/Src/main.c:108:6:HAL_UART_TxCpltCallback	16	static
../Core/Src/main.c:116:6:processChoice	72	static
../Core/Src/main.c:141:6:doSomethingImportant	8	static
../Core/Src/main.c:153:5:main	40	static
../Core/Src/main.c:240:6:SystemClock_Config	88	static
../Core/Src/main.c:282:13:MX_USART2_UART_Init	8	static
../Core/Src/main.c:315:13:MX_GPIO_Init	16	static
../Core/Src/main.c:335:6:Error_Handler	4	static,ignoring_inline_asm
